{"x":"This is some content in a child of a custom tag"}
