{"c":"one","x":"Content1"}
{"c":"three","x":""}
{"c":"two","x":"Content2"}
