{"x":"\n  <yt-formatted-string>This is some content in a custom tag</yt-formatted-string>\n  <self-closing-custom-tag>\n</self-closing-custom-tag>"}
