{"content":["P1","P2"],"href":["p1-href","p2-href"]}
{"content":["P1","P2"],"href":["p1-href","p2-href"]}
{"content":"P1","href":"p1-href"}
{"content":"P2","href":"p2-href"}
