{"p":["One","Two","Three"]}
{"p":["Four","Five","Six"]}
