{"class":"list1","content":["One","Two","Three"]}
{"class":"list2","content":["Four","Five","Six"]}
