{"class":["item1","item2","item3"],"p":["One","Two","Three"]}
{"class":["item4","item5","item6"],"p":["Four","Five","Six"]}
