{"content":["match1","match2","match3","match4","match5","match6"]}
